Port 5173 is in use, trying another one...

================================================================================

  (Run Starting)

  ┌────────────────────────────────────────────────────────────────────────────────────────────────┐
  │ Cypress:        13.2.0                                                                         │
  │ Browser:        Electron 114 (headless)                                                        │
  │ Node Version:   v14.21.3 (/usr/bin/node)                                                       │
  │ Specs:          1 found (Page.cy.jsx)                                                          │
  │ Searched:       **/*.cy.{js,jsx,ts,tsx}                                                        │
  └────────────────────────────────────────────────────────────────────────────────────────────────┘


────────────────────────────────────────────────────────────────────────────────────────────────────
                                                                                                    
  Running:  Page.cy.jsx                                                                     (1 of 1)


  Page />
    1) displays the correct initial biography
    2) updates the biography correctly when a new person is selected
    3) handles race conditions correctly when quickly changing selected person


  0 passing (13s)
  3 failing

  1) Page />
       displays the correct initial biography:
     AssertionError: Timed out retrying after 4000ms: Expected to find content: 'This is Alice's bio.' within the selector: 'i' but never did.
      at Context.<anonymous> (Page.cy.jsx:8:45)
      at runnable.fn (http://localhost:5174/__cypress/runner/cypress_runner.js:138726:19)
      at callFn (http://localhost:5174/__cypress/runner/cypress_runner.js:157371:21)
      at Runnable.run (http://localhost:5174/__cypress/runner/cypress_runner.js:157358:7)
      at <unknown> (http://localhost:5174/__cypress/runner/cypress_runner.js:163170:30)
      at PassThroughHandlerContext.finallyHandler (http://localhost:5174/__cypress/runner/cypress_runner.js:4072:23)
      at PassThroughHandlerContext.tryCatcher (http://localhost:5174/__cypress/runner/cypress_runner.js:1807:23)
      at Promise._settlePromiseFromHandler (http://localhost:5174/__cypress/runner/cypress_runner.js:1519:31)

  2) Page />
       updates the biography correctly when a new person is selected:
     AssertionError: Timed out retrying after 4000ms: Expected to find content: 'This is Bob's bio.' within the selector: 'i' but never did.
      at Context.<anonymous> (Page.cy.jsx:15:43)
      at runnable.fn (http://localhost:5174/__cypress/runner/cypress_runner.js:138726:19)
      at callFn (http://localhost:5174/__cypress/runner/cypress_runner.js:157371:21)
      at Runnable.run (http://localhost:5174/__cypress/runner/cypress_runner.js:157358:7)
      at <unknown> (http://localhost:5174/__cypress/runner/cypress_runner.js:163170:30)
      at PassThroughHandlerContext.finallyHandler (http://localhost:5174/__cypress/runner/cypress_runner.js:4072:23)
      at PassThroughHandlerContext.tryCatcher (http://localhost:5174/__cypress/runner/cypress_runner.js:1807:23)
      at Promise._settlePromiseFromHandler (http://localhost:5174/__cypress/runner/cypress_runner.js:1519:31)

  3) Page />
       handles race conditions correctly when quickly changing selected person:
     AssertionError: Timed out retrying after 4000ms: Expected to find content: 'This is Taylor's bio.' within the selector: 'i' but never did.
      at Context.<anonymous> (Page.cy.jsx:26:46)
      at runnable.fn (http://localhost:5174/__cypress/runner/cypress_runner.js:138726:19)
      at callFn (http://localhost:5174/__cypress/runner/cypress_runner.js:157371:21)
      at Runnable.run (http://localhost:5174/__cypress/runner/cypress_runner.js:157358:7)
      at <unknown> (http://localhost:5174/__cypress/runner/cypress_runner.js:163170:30)
      at PassThroughHandlerContext.finallyHandler (http://localhost:5174/__cypress/runner/cypress_runner.js:4072:23)
      at PassThroughHandlerContext.tryCatcher (http://localhost:5174/__cypress/runner/cypress_runner.js:1807:23)
      at Promise._settlePromiseFromHandler (http://localhost:5174/__cypress/runner/cypress_runner.js:1519:31)



[mochawesome] Report JSON saved to /config/workspace/mochawesome-report/mochawesome.json

[mochawesome] Report HTML saved to /config/workspace/mochawesome-report/mochawesome.html


  (Results)

  ┌────────────────────────────────────────────────────────────────────────────────────────────────┐
  │ Tests:        3                                                                                │
  │ Passing:      0                                                                                │
  │ Failing:      3                                                                                │
  │ Pending:      0                                                                                │
  │ Skipped:      0                                                                                │
  │ Screenshots:  3                                                                                │
  │ Video:        false                                                                            │
  │ Duration:     13 seconds                                                                       │
  │ Spec Ran:     Page.cy.jsx                                                                      │
  └────────────────────────────────────────────────────────────────────────────────────────────────┘


  (Screenshots)

  -  /config/workspace/cypress/screenshots/Page.cy.jsx/Page -- displays the correct i     (1280x720)
     nitial biography (failed).png                                                                  
  -  /config/workspace/cypress/screenshots/Page.cy.jsx/Page -- updates the biography      (1280x720)
     correctly when a new person is selected (failed).png                                           
  -  /config/workspace/cypress/screenshots/Page.cy.jsx/Page -- handles race condition     (1280x720)
     s correctly when quickly changing selected person (failed).png                                 


================================================================================

  (Run Finished)


       Spec                                              Tests  Passing  Failing  Pending  Skipped  
  ┌────────────────────────────────────────────────────────────────────────────────────────────────┐
  │ ✖  Page.cy.jsx                              00:13        3        -        3        -        - │
  └────────────────────────────────────────────────────────────────────────────────────────────────┘
    ✖  1 of 1 failed (100%)                     00:13        3        -        3        -        -  

